src/Controller/LeakDemoController.php | App\Controller\LeakDemoController::closureLeak | ERROR | Mutation detected on an injected dependency ($this->closureLeakService). Risk of State Leak in a worker.
src/Controller/LeakDemoController.php | App\Controller\LeakDemoController::closureLeak | ERROR | Potential Memory Leak: Injection of a closure capturing local state into a shared service.
src/Controller/LeakDemoController.php | App\Controller\LeakDemoController::destructorLeak | ERROR | Mutation detected on an injected dependency ($this->destructorLeakService). Risk of State Leak in a worker.
src/Controller/LeakDemoController.php | App\Controller\LeakDemoController::destructorLeak | WARNING | Usage of PHP Superglobal $_GET is discouraged in Worker mode.
src/Controller/LeakDemoController.php | App\Controller\LeakDemoController::destructorLeak | WARNING | Usage of PHP Superglobal $_GET is discouraged in Worker mode.
src/Controller/LeakDemoController.php | App\Controller\LeakDemoController::exitDemo | ERROR | Usage of exit/die is forbidden in Worker mode.
src/Controller/LeakDemoController.php | App\Controller\LeakDemoController::heavyLoad | ERROR | Mutation detected on an injected dependency ($this->statefulService). Risk of State Leak in a worker.
src/Controller/LeakDemoController.php | App\Controller\LeakDemoController::poisonTimezone | WARNING | Function 'date_default_timezone_set' modifies the global PHP process state.
src/Controller/LeakDemoController.php | App\Controller\LeakDemoController::processStateLeak | WARNING | Function 'chdir' modifies the global PHP process working directory.
src/Controller/LeakDemoController.php | App\Controller\LeakDemoController::processStateLeak | WARNING | Function 'mb_internal_encoding' modifies the global PHP process multibyte encoding.
src/Controller/LeakDemoController.php | App\Controller\LeakDemoController::processStateLeak | WARNING | Function 'umask' modifies the global PHP process file creation mask.
src/Controller/LeakDemoController.php | App\Controller\LeakDemoController::stateful | ERROR | Mutation detected on an injected dependency ($this->statefulService). Risk of State Leak in a worker.
src/Controller/LeakDemoController.php | App\Controller\LeakDemoController::superglobals | WARNING | Usage of PHP Superglobal $_ENV is discouraged in Worker mode.
src/Controller/LeakDemoController.php | App\Controller\LeakDemoController::superglobals | WARNING | Usage of PHP Superglobal $_ENV is discouraged in Worker mode.
src/Controller/LeakDemoController.php | App\Controller\LeakDemoController::superglobals | WARNING | Usage of PHP Superglobal $_GET is discouraged in Worker mode.
src/Controller/LeakDemoController.php | App\Controller\LeakDemoController::superglobals | WARNING | Usage of PHP Superglobal $_GET is discouraged in Worker mode.
src/Controller/LeakDemoController.php | App\Controller\LeakDemoController::superglobals | WARNING | Usage of PHP Superglobal $_GET is discouraged in Worker mode.
src/Internal/InlinedRequestCounter.php | App\Internal\InlinedRequestCounter::increment | ERROR | Mutation of state 'count' in InlinedRequestCounter::increment()
src/Service/ClosureLeakService.php | App\Service\ClosureLeakService::addListener | ERROR | Mutation of state 'listeners' in ClosureLeakService::addListener()
src/Service/DestructorLeakService.php | App\Service\DestructorLeakService::__destruct | ERROR | Usage of __destruct() magic method is dangerous in Worker mode.
src/Service/FakeEntityManager.php | App\Service\FakeFilters::disable | ERROR | Mutation of state 'disabledFilters' in FakeFilters::disable()
src/Service/IncompleteResetService.php | App\Service\IncompleteResetService | WARNING | Property 'forgotten' of IncompleteResetService is mutated but not reset in reset().
src/Service/LocalStaticService.php | App\Service\LocalStaticService::incrementAndGet | ERROR | Usage of local static variable is dangerous in Worker mode.
src/Service/ProcessStateLeakService.php | App\Service\ProcessStateLeakService::poisonCwd | WARNING | Function 'chdir' modifies the global PHP process working directory.
src/Service/ProcessStateLeakService.php | App\Service\ProcessStateLeakService::poisonEncoding | WARNING | Function 'mb_internal_encoding' modifies the global PHP process multibyte encoding.
src/Service/ProcessStateLeakService.php | App\Service\ProcessStateLeakService::poisonGc | WARNING | Function 'gc_disable' modifies the global PHP garbage collector.
src/Service/ProcessStateLeakService.php | App\Service\ProcessStateLeakService::poisonUmask | WARNING | Function 'umask' modifies the global PHP process file creation mask.
src/Service/StatefulService.php | App\Service\StatefulService::addData | ERROR | Mutation of state 'cache' in StatefulService::addData()
src/Service/StaticLeakService.php | App\Service\StaticLeakService::touch | ERROR | Mutation of state 'static::$hist' in StaticLeakService::touch()
